[33m⚠ "edgeone pages" is deprecated. Use "edgeone makers" instead.[0m
[90m[cli][0m[32m[✔] [0mUsing local login token for deployment...
[90m[cli][0m[32m[✔] [0mProject org-phone-recovery-prototype already exists. Using existing project.
Execute auto build and deploy .edgeone directory
[90m[cli][0m Pulling environment variables...
[90m[cli][0m No environment variables found.
[builder] InstallCommand: 
[builder] InstallCommand is empty, skipping installation
inited plugin manager

> Start validating the configuration file:
none error in configuration file
End validating!

getTefConfigMeta time 1
[90m[plugins][0m Loaded internal plugin
resolvePlugins time 1ms

🔍 [Logger Plugin] Pre-build hook triggered
📂 Working directory: /Users/hailingdediannao/CodeBuddy/20260804171546
decideBuilders time 1ms

[StaticAssetsBuilder] Start to execute...
[StaticAssetsBuilder] DescribeFramework time: 2ms
[StaticAssetsBuilder] Copying files from /Users/hailingdediannao/CodeBuddy/20260804171546 to /Users/hailingdediannao/CodeBuddy/20260804171546/.edgeone/assets
[StaticAssetsBuilder] Skipping excluded item: .DS_Store
[StaticAssetsBuilder] Skipping excluded item: .edgeone
[StaticAssetsBuilder] Skipping excluded item: .env
[StaticAssetsBuilder] Skipping excluded item: .gitignore
[StaticAssetsBuilder] Copied file: PRD.md
[StaticAssetsBuilder] Copied file: PRD_副本.md
[StaticAssetsBuilder] Copied directory: css
[StaticAssetsBuilder] Copied file: deploy.log
[StaticAssetsBuilder] Copied file: index.html
[StaticAssetsBuilder] Copied directory: js
[StaticAssetsBuilder] Copied file: prototype.zip
[StaticAssetsBuilder] Copied file: sequence-diagram.md
[StaticAssetsBuilder] Copied file: server.js
[StaticAssetsBuilder] Copied file: v2.html
[StaticAssetsBuilder] Successfully copied project files to /Users/hailingdediannao/CodeBuddy/20260804171546/.edgeone/assets
[StaticAssetsBuilder] MoveProjectToAssets time: 8ms
build time 11ms

✨ [Logger Plugin] Build completed
⏱️  Build finished.
onBuild time 1ms
onPostBuild time 0ms
postBuildHook time 0ms
Build completed
[90m[cli][0m[32m[✔] [0mDeploying /Users/hailingdediannao/CodeBuddy/20260804171546/.edgeone to project org-phone-recovery-prototype (Production environment, global area)...
[90m[cli][0m[36m Validating API endpoint...[0m
[90m[cli][0m[32m[✔] [0mProject org-phone-recovery-prototype already exists. Using existing project.
[90m[cli][0m[32m[✔] [0mUsing Project ID: makers-skl2itaiioeo
[90m[cli][0m[36m Uploading folder to EdgeOne COS...[0m
[cli][Uploader] Uploading file: 100%
[90m[cli][0m[32m[✔] [0mFile uploaded successfully
[90m[cli][0m[32m[✔] [0mCreating deployment in Production environment...
[90m[cli][0m[32m[✔] [0mCreated deployment with Deployment ID: dpelo7ukbjfp
[90m[cli][0m[36m Waiting for deployment to complete...[0m
[cli][DeployStatus] Deploying...
[cli] Deployment in progress... (status: Process, elapsed: ~10s)
[cli] Deployment in progress... (status: Process, elapsed: ~20s)
[cli] Deployment in progress... (status: Process, elapsed: ~30s)
[90m[cli][0m[32m[✔] [0mDeploy Success
[90m[cli][0m[32m[✔] [0mDeploy URL: https://org-phone-recovery-prototype-hrcxmzkt.edgeone.cool?eo_token=268fa06dab0eaa645cbb3b34911fc229&eo_time=1785922699
[90m[cli][0m[32m[✔] [0mConsole URL: https://console.cloud.tencent.com/edgeone/pages/project/makers-skl2itaiioeo/deployment/dpelo7ukbjfp
